C51 COMPILER V9.53.0.0   MAIN                                                              05/05/2017 17:52:44 PAGE 1   


C51 COMPILER V9.53.0.0, COMPILATION OF MODULE MAIN
OBJECT MODULE PLACED IN .\src/main.OBJ
COMPILER INVOKED BY: Z:\Applications\Simplicity Studio.app\Contents\Eclipse\developer\toolchains\keil_8051\9.53\BIN\C51.
                    -exe /Users/liaohu/SimplicityStudio/v4_workspace/Final project_1/src/main.c OMF2 SMALL DEBUG OBJECTEXTEND ROM(LARGE) WARN
                    -INGLEVEL(2) FLOATFUZZY(3) OPTIMIZE(8,SPEED) DEFINE(DEBUG=1) INTVECTOR(0X0000) INTPROMOTE INCDIR(/Users/liaohu/Simplicity
                    -Studio/v4_workspace/Final project_1/inc/graphics;/Users/liaohu/SimplicityStudio/v4_workspace/Final project_1/inc;/Users/
                    -liaohu/SimplicityStudio/v4_workspace/Final project_1/inc/config;/Applications/Simplicity Studio.app/Contents/Eclipse/dev
                    -eloper/sdks/8051/v4.0.3//kits/common/bsp;/Applications/Simplicity Studio.app/Contents/Eclipse/developer/sdks/8051/v4.0.3
                    -//kits/EFM8BB3_SLSTK2022A/config;/Applications/Simplicity Studio.app/Contents/Eclipse/developer/sdks/8051/v4.0.3//Device
                    -/EFM8BB3/peripheral_driver/inc;/Applications/Simplicity Studio.app/Contents/Eclipse/developer/sdks/8051/v4.0.3//kits/com
                    -mon/drivers/efm8_joystick;/Applications/Simplicity Studio.app/Contents/Eclipse/developer/sdks/8051/v4.0.3//kits/common/d
                    -rivers/efm8_memory_lcd/inc;/Applications/Simplicity Studio.app/Contents/Eclipse/developer/sdks/8051/v4.0.3//kits/common/
                    -drivers/efm8_memory_lcd/inc/graphics;/Applications/Simplicity Studio.app/Contents/Eclipse/developer/sdks/8051/v4.0.3//ki
                    -ts/common/drivers/efm8_memory_lcd/inc/config;/Applications/Simplicity Studio.app/Contents/Eclipse/developer/sdks/8051/v4
                    -.0.3//Device/shared/si8051base;/Applications/Simplicity Studio.app/Contents/Eclipse/developer/sdks/8051/v4.0.3//Device/E
                    -FM8BB3/inc;/Applications/Simplicity Studio.app/Contents/Eclipse/developer/sdks/8051/v4.0.3//kits/common/drivers/efm8_ret
                    -argetserial) PRINT(.\src/main.lst) COND PAGEWIDTH(120) PAGELENGTH(65) OBJECT(.\src/main.OBJ)

line level    source

   1          //-----------------------------------------------------------------------------
   2          // main.c
   3          //-----------------------------------------------------------------------------
   4          // Copyright 2015 Silicon Laboratories, Inc.
   5          // http://developer.silabs.com/legal/version/v11/Silicon_Labs_Software_License_Agreement.txt
   6          //
   7          // Program Description:
   8          //
   9          // Use scope to observe DAC outputs on P3.0 and P3.1.
  10          // Move joystick left/right to change functions.
  11          // Move joystick up/down to change frequency.
  12          //
  13          // Resources:
  14          //   SYSCLK - 24.5 MHz HFOSC0 / 1
  15          //   DAC0
  16          //   DAC1
  17          //   DAC2
  18          //   DAC3
  19          //   ADC0   - 10-bit, VREF = VDD (3.3 V)
  20          //   SPI0   - 1 MHz
  21          //   Timer2 - 2 MHz (SPI CS delay)
  22          //   Timer3 - 1 kHz (1 ms tick)
  23          //   Timer4 - 150 kHz interrupt (DAC update trigger)
  24          //   P0.2   - Push button (kill splash screen)
  25          //   P0.3   - Push button (kill splash screen)
  26          //   P0.6   - SPI SCK
  27          //   P1.0   - SPI MOSI
  28          //   P1.7   - ADC input / Joystick (analog voltage divider)
  29          //   P2.6   - SPI CS (Active High)
  30          //   P3.0   - DAC0 output
  31          //   P3.1   - DAC1 output
  32          //   P3.4   - Display enable
  33          //
  34          //-----------------------------------------------------------------------------
  35          // How To Test: EFM8BB3 STK
  36          //-----------------------------------------------------------------------------
  37          // 1) Place the switch in "AEM" mode.
  38          // 2) Connect the EFM8BB3 STK board to a PC using a mini USB cable.
  39          // 3) Compile and download code to the EFM8BB3 STK board.
  40          //    In Simplicity Studio IDE, select Run -> Debug from the menu bar,
  41          //    click the Debug button in the quick menu, or press F11.
  42          // 4) Run the code.
C51 COMPILER V9.53.0.0   MAIN                                                              05/05/2017 17:52:44 PAGE 2   

  43          //    In Simplicity Studio IDE, select Run -> Resume from the menu bar,
  44          //    click the Resume button in the quick menu, or press F8.
  45          // 5) The Function Generator demo should start.
  46          //    Press any button, move joystick, or wait 4 sec to kill splash screen
  47          //    Use scope to observe DAC output on P3.0 and P3.1.
  48          //    Move the joystick left/right to change functions.
  49          //    Move the joystick up/down to increase/decrease the frequency.
  50          //
  51          // Target:         EFM8BB3
  52          // Tool chain:     Generic
  53          //
  54          // Release 0.1 (ST)
  55          //    - Initial Revision
  56          //    - 15 JUL 2015
  57          //
  58          
  59          /////////////////////////////////////////////////////////////////////////////
  60          // Includes
  61          /////////////////////////////////////////////////////////////////////////////
  62          
  63          #include "bsp.h"
  64          #include "InitDevice.h"
  65          #include "disp.h"
  66          #include "function_generator.h"
  67          #include "retargetserial.h"
  68          
  69          
  70          SI_SBIT (DISP_EN, SFR_P3, 4);          // Display Enable
  71          #define DISP_BC_DRIVEN   0             // 0 = Board Controller drives display
  72          #define DISP_EFM8_DRIVEN 1             // 1 = EFM8 drives display
  73          
  74          SI_SBIT (BC_EN, SFR_P2, 2);            // Board Controller Enable
  75          #define BC_DISCONNECTED 0              // 0 = Board Controller disconnected
  76                                                 //     to EFM8 UART pins
  77          #define BC_CONNECTED    1              // 1 = Board Controller connected
  78                                                 //     to EFM8 UART pins
  79          //---------------------------------------------------------------------------
  80          // main() Routine
  81          // --------------------------------------------------------------------------
  82          int main(void)
  83          {
  84   1      
  85   1      
  86   1        enter_DefaultMode_from_RESET();
  87   1      
  88   1        // Enable all interrupts
  89   1        IE_EA = 1;
  90   1      
  91   1        DISP_Init();
  92   1      
  93   1        BC_EN = BC_CONNECTED;               // Board controller connected to EFM8
  94   1                                               // UART pins
  95   1      
  96   1        SCON0_TI = 1;                       // This STDIO library requires TI to
  97   1                                               // be set for prints to occur
  98   1        FunctionGenerator_main();
  99   1           while (1)
 100   1           {
 101   2      
 102   2           }
 103   1      
 104   1      }

C51 COMPILER V9.53.0.0   MAIN                                                              05/05/2017 17:52:44 PAGE 3   


MODULE INFORMATION:   STATIC OVERLAYABLE
   CODE SIZE        =     17    ----
   CONSTANT SIZE    =   ----    ----
   XDATA SIZE       =   ----    ----
   PDATA SIZE       =   ----    ----
   DATA SIZE        =   ----    ----
   IDATA SIZE       =   ----    ----
   BIT SIZE         =   ----    ----
   EDATA SIZE       =   ----    ----
   HDATA SIZE       =   ----    ----
   XDATA CONST SIZE =   ----    ----
   FAR CONST SIZE   =   ----    ----
END OF MODULE INFORMATION.


C51 COMPILATION COMPLETE.  0 WARNING(S),  0 ERROR(S)
